node.exe : FAIL tests/services/userService.test.js
No linha:1 caractere:1
+ & "C:\Program Files\nodejs/node.exe" 
"C:\Program Files\nodejs/node_mo ...
+ ~~~~~~~~~~~~~~~~~~~~~~~~~~~~~~~~~~~~~~~~~~~~~~~~
~~~~~~~~~~~~~~~~~~~~~
    + CategoryInfo          : NotSpecified: (FAIL 
    tests/services/userService.test.js:String) [  
  ], RemoteException
    + FullyQualifiedErrorId : NativeCommandError
 
  UserService
    registerUser
      ├ù should register a new user successfully
      ├ù should throw BadRequestError if email 
already exists
    authenticateUser
      ├ù should authenticate user successfully
      ├ù should throw UnauthorizedError on 
invalid credentials
    upgradeToTechnician
      ├ù should throw ForbiddenError when trying 
to upgrade

  ÔùÅ UserService ÔÇ║ registerUser ÔÇ║ should 
register a new user successfully

    TypeError: getPool.mockReturnValue is not a 
function

    [0m [90m 31 |[39m       release[33m:[39m 
jest[33m.[39mfn()[33m,[39m
     [90m 32 |[39m     }[33m;[39m
    [31m[1m>[22m[39m[90m 33 |[39m     
getPool[33m.[39mmockReturnValue({
     [90m    |[39m             
[31m[1m^[22m[39m
     [90m 34 |[39m       connect[33m:[39m jest
[33m.[39mfn()[33m.[39mmockResolvedValue(mockCl
ient)[33m,[39m
     [90m 35 |[39m       query[33m:[39m 
jest[33m.[39mfn()[33m,[39m
     [90m 36 |[39m     })[33m;[39m[0m

      at Object.<anonymous> 
(tests/services/userService.test.js:33:13)

  ÔùÅ UserService ÔÇ║ registerUser ÔÇ║ should 
throw BadRequestError if email already exists

    TypeError: getPool.mockReturnValue is not a 
function

    [0m [90m 31 |[39m       release[33m:[39m 
jest[33m.[39mfn()[33m,[39m
     [90m 32 |[39m     }[33m;[39m
    [31m[1m>[22m[39m[90m 33 |[39m     
getPool[33m.[39mmockReturnValue({
     [90m    |[39m             
[31m[1m^[22m[39m
     [90m 34 |[39m       connect[33m:[39m jest
[33m.[39mfn()[33m.[39mmockResolvedValue(mockCl
ient)[33m,[39m
     [90m 35 |[39m       query[33m:[39m 
jest[33m.[39mfn()[33m,[39m
     [90m 36 |[39m     })[33m;[39m[0m

      at Object.<anonymous> 
(tests/services/userService.test.js:33:13)

  ÔùÅ UserService ÔÇ║ authenticateUser ÔÇ║ should 
authenticate user successfully

    TypeError: getPool.mockReturnValue is not a 
function

    [0m [90m 31 |[39m       release[33m:[39m 
jest[33m.[39mfn()[33m,[39m
     [90m 32 |[39m     }[33m;[39m
    [31m[1m>[22m[39m[90m 33 |[39m     
getPool[33m.[39mmockReturnValue({
     [90m    |[39m             
[31m[1m^[22m[39m
     [90m 34 |[39m       connect[33m:[39m jest
[33m.[39mfn()[33m.[39mmockResolvedValue(mockCl
ient)[33m,[39m
     [90m 35 |[39m       query[33m:[39m 
jest[33m.[39mfn()[33m,[39m
     [90m 36 |[39m     })[33m;[39m[0m

      at Object.<anonymous> 
(tests/services/userService.test.js:33:13)

  ÔùÅ UserService ÔÇ║ authenticateUser ÔÇ║ should 
throw UnauthorizedError on invalid credentials

    TypeError: getPool.mockReturnValue is not a 
function

    [0m [90m 31 |[39m       release[33m:[39m 
jest[33m.[39mfn()[33m,[39m
     [90m 32 |[39m     }[33m;[39m
    [31m[1m>[22m[39m[90m 33 |[39m     
getPool[33m.[39mmockReturnValue({
     [90m    |[39m             
[31m[1m^[22m[39m
     [90m 34 |[39m       connect[33m:[39m jest
[33m.[39mfn()[33m.[39mmockResolvedValue(mockCl
ient)[33m,[39m
     [90m 35 |[39m       query[33m:[39m 
jest[33m.[39mfn()[33m,[39m
     [90m 36 |[39m     })[33m;[39m[0m

      at Object.<anonymous> 
(tests/services/userService.test.js:33:13)

  ÔùÅ UserService ÔÇ║ upgradeToTechnician ÔÇ║ 
should throw ForbiddenError when trying to upgrade

    TypeError: getPool.mockReturnValue is not a 
function

    [0m [90m 31 |[39m       release[33m:[39m 
jest[33m.[39mfn()[33m,[39m
     [90m 32 |[39m     }[33m;[39m
    [31m[1m>[22m[39m[90m 33 |[39m     
getPool[33m.[39mmockReturnValue({
     [90m    |[39m             
[31m[1m^[22m[39m
     [90m 34 |[39m       connect[33m:[39m jest
[33m.[39mfn()[33m.[39mmockResolvedValue(mockCl
ient)[33m,[39m
     [90m 35 |[39m       query[33m:[39m 
jest[33m.[39mfn()[33m,[39m
     [90m 36 |[39m     })[33m;[39m[0m

      at Object.<anonymous> 
(tests/services/userService.test.js:33:13)

Test Suites: 1 failed, 1 total
Tests:       5 failed, 5 total
Snapshots:   0 total
Time:        0.223 s, estimated 1 s
Ran all test suites matching 
tests/services/userService.test.js.
